// Jest Snapshot v1, https://goo.gl/fbAQLP

exports[`Spinner tests Spinner with props render properly 1`] = `
<div
  className={
    Object {
      "has": [Function],
      "is": [Function],
      "mix": [Function],
      "split": [Function],
      "state": [Function],
      "toString": [Function],
    }
  }
>
  <img
    alt=""
    className={
      Object {
        "has": [Function],
        "is": [Function],
        "mix": [Function],
        "split": [Function],
        "state": [Function],
        "toString": [Function],
      }
    }
    src="test-file-stub"
  />
</div>
`;
